// Jest Snapshot v1, https://goo.gl/fbAQLP

exports[`Test UserSidebar component It should match DOM Snapshot 1`] = `
<div>
  <div
    class="sidebar-wrapper"
  >
    <div>
      <h2
        class="title"
      >
        List User
      </h2>
      <ul
        class="list-item"
      >
        <li
          class="item"
        >
          <img
            alt="Avatar"
            class="avatar"
            src="https://haycafe.vn/wp-content/uploads/2022/03/Avatar-hai-1.jpg"
          />
          <a
            class="link"
            href="#"
          >
            user1
          </a>
          <img
            alt="delete"
            class="icon"
            src="IMAGE_MOCK"
          />
        </li>
        <li
          class="item"
        >
          <img
            alt="Avatar"
            class="avatar"
            src="https://tapchianhdep.com/wp-content/uploads/2021/05/hinh-avatar-hai-huoc-ngau.jpg"
          />
          <a
            class="link"
            href="#"
          >
            user2
          </a>
          <img
            alt="delete"
            class="icon"
            src="IMAGE_MOCK"
          />
        </li>
        <li
          class="item"
        >
          <img
            alt="Avatar"
            class="avatar"
            src="https://i.pinimg.com/736x/1c/44/41/1c444192c50fd9101640cdf99fd4a6c7.jpg"
          />
          <a
            class="link"
            href="#"
          >
            user3
          </a>
          <img
            alt="delete"
            class="icon"
            src="IMAGE_MOCK"
          />
        </li>
        <li
          class="item"
        >
          <img
            alt="Avatar"
            class="avatar"
            src="https://1.bp.blogspot.com/-Ada3siBi-Z8/YS3asSghKxI/AAAAAAABVSc/EJKXWlcxH1shPt6rWc-q3gxvSk2EdyZyACLcBGAsYHQ/s0/Avatar-con-viet-vang-ngau-Taihinhanh-Vn%2B%25286%2529.jpg"
          />
          <a
            class="link"
            href="#"
          >
            user4
          </a>
          <img
            alt="delete"
            class="icon"
            src="IMAGE_MOCK"
          />
        </li>
      </ul>
      <button
        class="button"
      >
        New user
      </button>
    </div>
  </div>
</div>
`;
